/home/jemsit/Desktop/gitlab/WebRTC/backend/src/main/java/com/example/chatApp/MailService.java
/home/jemsit/Desktop/gitlab/WebRTC/backend/src/main/java/com/example/chatApp/chat/ChatMessage.java
/home/jemsit/Desktop/gitlab/WebRTC/backend/src/main/java/com/example/chatApp/ChatAppApplication.java
/home/jemsit/Desktop/gitlab/WebRTC/backend/src/main/java/com/example/chatApp/chat/VideoCallMessage.java
/home/jemsit/Desktop/gitlab/WebRTC/backend/src/main/java/com/example/chatApp/chat/CorsConfig.java
/home/jemsit/Desktop/gitlab/WebRTC/backend/src/main/java/com/example/chatApp/chat/MessageType.java
/home/jemsit/Desktop/gitlab/WebRTC/backend/src/main/java/com/example/chatApp/chat/AnswerVideoCall.java
/home/jemsit/Desktop/gitlab/WebRTC/backend/src/main/java/com/example/chatApp/RedisService.java
/home/jemsit/Desktop/gitlab/WebRTC/backend/src/main/java/com/example/chatApp/config/WebSocketConfig.java
/home/jemsit/Desktop/gitlab/WebRTC/backend/src/main/java/com/example/chatApp/chat/ChatController.java
/home/jemsit/Desktop/gitlab/WebRTC/backend/src/main/java/com/example/chatApp/config/WebSocketEventListener.java
/home/jemsit/Desktop/gitlab/WebRTC/backend/src/main/java/com/example/chatApp/chat/UsernameRequest.java
/home/jemsit/Desktop/gitlab/WebRTC/backend/src/main/java/com/example/chatApp/config/RedisConfig.java
